# This file is part of Project Control Center (PCC).
# 
# PCC (Project Control Center) project is intellectual property of 
# Dmitri Anatol'evich Pisarenko.
# 
# Copyright 2010, 2011 Dmitri Anatol'evich Pisarenko
# All rights reserved

project "MyProject" 2010-10-18 +1m 
{
  timeformat "%d.%m.%Y %H:%M"

  numberformat "-" "" "." "," 2
  currencyformat "(" ")" "." "," 0

  now 2010-10-18

  currency "EUR"

  timingresolution 10 min
  
  scenario plan "Plan" {
  }
}

copyright "Dmitri Pisarenko"

resource R1210 "DP"
{
	limits { dailymax 8.00h }
}

task T2010 "Some interesting task"
{
	
start ${now}

	priority 200
	
allocate R1210

	
effort 2.50h

	
	
}

taskreport status "pccDeadlines" {
 formats csv
 columns id, end
}

export "pccBookings.tji" {
  definitions *
  taskattributes *
  hideresource 0
}
